// Jest Snapshot v1, https://goo.gl/fbAQLP

exports[`HomePage renders correctly 1`] = `
{
  "asFragment": [Function],
  "baseElement": <body>
    <div>
      <div
        data-redwood-route-announcement="true"
        style="position: absolute; top: 0px; padding: 0px; overflow: hidden; clip: rect(0px, 0px, 0px, 0px); white-space: nowrap; border: 0px;"
      >
        Home page with links to the rest of my portfolio. Thanks for visiting!
      </div>
      <main
        class="m-2 flex w-screen basis-full flex-col items-center justify-around tracking-wide md:flex-row md:flex-wrap"
      >
        <div
          class="m-5 flex flex-initial basis-1/3 flex-col items-center justify-center rounded-sm border-8 border-zinc-50 px-5 py-10 text-4xl font-bold text-zinc-50 md:text-6xl lg:text-7xl"
        >
          <h1>
            Victoria
          </h1>
          <h2>
            Briar
          </h2>
        </div>
        <article>
          <div
            class="m-2 flex basis-2/3 flex-col items-center text-5xl italic text-zinc-50 sm:text-6xl md:text-8xl min-[1154px]:text-9xl"
          >
            <a
              class="m-5 p-4 transition delay-100 hover:-translate-y-1 hover:scale-110 hover:text-black hover:underline motion-reduce:transition-none motion-reduce:hover:transform-none"
              href="/portfolio"
            >
              Portfolio
            </a>
            <a
              class="m-5 p-4 transition delay-100 hover:-translate-y-1 hover:scale-110 hover:text-black hover:underline motion-reduce:transition-none motion-reduce:hover:transform-none"
              href="/experience"
            >
              Experience
            </a>
            <a
              class="m-5 p-4 transition delay-100 hover:-translate-y-1 hover:scale-110 hover:text-black hover:underline motion-reduce:transition-none motion-reduce:hover:transform-none"
              href="/bio"
            >
              About Me
            </a>
          </div>
        </article>
      </main>
    </div>
  </body>,
  "container": <div>
    <div
      data-redwood-route-announcement="true"
      style="position: absolute; top: 0px; padding: 0px; overflow: hidden; clip: rect(0px, 0px, 0px, 0px); white-space: nowrap; border: 0px;"
    >
      Home page with links to the rest of my portfolio. Thanks for visiting!
    </div>
    <main
      class="m-2 flex w-screen basis-full flex-col items-center justify-around tracking-wide md:flex-row md:flex-wrap"
    >
      <div
        class="m-5 flex flex-initial basis-1/3 flex-col items-center justify-center rounded-sm border-8 border-zinc-50 px-5 py-10 text-4xl font-bold text-zinc-50 md:text-6xl lg:text-7xl"
      >
        <h1>
          Victoria
        </h1>
        <h2>
          Briar
        </h2>
      </div>
      <article>
        <div
          class="m-2 flex basis-2/3 flex-col items-center text-5xl italic text-zinc-50 sm:text-6xl md:text-8xl min-[1154px]:text-9xl"
        >
          <a
            class="m-5 p-4 transition delay-100 hover:-translate-y-1 hover:scale-110 hover:text-black hover:underline motion-reduce:transition-none motion-reduce:hover:transform-none"
            href="/portfolio"
          >
            Portfolio
          </a>
          <a
            class="m-5 p-4 transition delay-100 hover:-translate-y-1 hover:scale-110 hover:text-black hover:underline motion-reduce:transition-none motion-reduce:hover:transform-none"
            href="/experience"
          >
            Experience
          </a>
          <a
            class="m-5 p-4 transition delay-100 hover:-translate-y-1 hover:scale-110 hover:text-black hover:underline motion-reduce:transition-none motion-reduce:hover:transform-none"
            href="/bio"
          >
            About Me
          </a>
        </div>
      </article>
    </main>
  </div>,
  "debug": [Function],
  "findAllByAltText": [Function],
  "findAllByDisplayValue": [Function],
  "findAllByLabelText": [Function],
  "findAllByPlaceholderText": [Function],
  "findAllByRole": [Function],
  "findAllByTestId": [Function],
  "findAllByText": [Function],
  "findAllByTitle": [Function],
  "findByAltText": [Function],
  "findByDisplayValue": [Function],
  "findByLabelText": [Function],
  "findByPlaceholderText": [Function],
  "findByRole": [Function],
  "findByTestId": [Function],
  "findByText": [Function],
  "findByTitle": [Function],
  "getAllByAltText": [Function],
  "getAllByDisplayValue": [Function],
  "getAllByLabelText": [Function],
  "getAllByPlaceholderText": [Function],
  "getAllByRole": [Function],
  "getAllByTestId": [Function],
  "getAllByText": [Function],
  "getAllByTitle": [Function],
  "getByAltText": [Function],
  "getByDisplayValue": [Function],
  "getByLabelText": [Function],
  "getByPlaceholderText": [Function],
  "getByRole": [Function],
  "getByTestId": [Function],
  "getByText": [Function],
  "getByTitle": [Function],
  "queryAllByAltText": [Function],
  "queryAllByDisplayValue": [Function],
  "queryAllByLabelText": [Function],
  "queryAllByPlaceholderText": [Function],
  "queryAllByRole": [Function],
  "queryAllByTestId": [Function],
  "queryAllByText": [Function],
  "queryAllByTitle": [Function],
  "queryByAltText": [Function],
  "queryByDisplayValue": [Function],
  "queryByLabelText": [Function],
  "queryByPlaceholderText": [Function],
  "queryByRole": [Function],
  "queryByTestId": [Function],
  "queryByText": [Function],
  "queryByTitle": [Function],
  "rerender": [Function],
  "unmount": [Function],
}
`;
